******************************************************************************
               TMS320C6x Linker PC v7.4.24                     
******************************************************************************
>> Linked Fri May 30 10:30:25 2025

OUTPUT FILE NAME:   <labo04.out>
ENTRY POINT SYMBOL: "_c_int00"  address: 00000ca0


MEMORY CONFIGURATION

         name            origin    length      used     unused   attr    fill
----------------------  --------  ---------  --------  --------  ----  --------
  IRAM                  00000000   00030000  00001664  0002e99c  RWIX
  L2RAM                 00030000   00010000  00000000  00010000  RWIX
  EMIFCE0               80000000   10000000  00000000  10000000  RWIX
  EMIFCE1               90000000   10000000  00000000  10000000  RWIX
  EMIFCE2               a0000000   10000000  00000000  10000000  RWIX
  EMIFCE3               b0000000   10000000  00000000  10000000  RWIX


SECTION ALLOCATION MAP

 output                                  attributes/
section   page    origin      length       input sections
--------  ----  ----------  ----------   ----------------
.bss       0    00000000    00000000     UNINITIALIZED

.data      0    00000000    00000000     UNINITIALIZED

.pinit     0    00000000    00000000     UNINITIALIZED

.text      0    00000000    00000e00     
                  00000000    00000480     dsk6713bsl.lib : dsk6713.obj (.text)
                  00000480    00000240     rts6700.lib : memcpy62.obj (.text:_memcpy)
                  000006c0    000001e0     dsk6713bsl.lib : dsk6713_led.obj (.text)
                  000008a0    00000100     rts6700.lib : autoinit.obj (.text:__auto_init)
                  000009a0    000000e0                 : strasg.obj (.text:__strasg)
                  00000a80    000000e0                 : exit.obj (.text:_exit)
                  00000b60    000000c0                 : cpy_tbl.obj (.text:_copy_in)
                  00000c20    00000080                 : cpp_init.obj (.text:___TI_cpp_init)
                  00000ca0    00000080                 : boot.obj (.text:_c_int00)
                  00000d20    00000080     main.obj (.text)
                  00000da0    00000040     rts6700.lib : args_main.obj (.text:__args_main)
                  00000de0    00000020                 : exit.obj (.text:_abort)

.stack     0    00000e00    00000800     UNINITIALIZED
                  00000e00    00000008     rts6700.lib : boot.obj (.stack)
                  00000e08    000007f8     --HOLE--

.cinit     0    00001600    00000034     
                  00001600    0000002c     rts6700.lib : exit.obj (.cinit)
                  0000162c    00000004     --HOLE-- [fill = 0]
                  00001630    00000004     (.pad.cinit) [fill = 0]

.const     0    00001634    00000020     
                  00001634    00000020     dsk6713bsl.lib : dsk6713.obj (.const)

.far       0    00001654    00000010     UNINITIALIZED
                  00001654    0000000c     rts6700.lib : exit.obj (.far)
                  00001660    00000002     dsk6713bsl.lib : dsk6713.obj (.far)
                  00001662    00000002                    : dsk6713_led.obj (.far)


GLOBAL SYMBOLS: SORTED ALPHABETICALLY BY Name 

address    name
--------   ----
00000000   $bss
00000000   .bss
00000000   .data
00000000   .text
00000de0   C$$EXIT
000006c0   _DSK6713_LED_init
00000700   _DSK6713_LED_off
00000770   _DSK6713_LED_on
000007e0   _DSK6713_LED_toggle
00000414   _DSK6713_getVersion
0000004c   _DSK6713_init
00000368   _DSK6713_rget
0000037c   _DSK6713_rset
00001660   _DSK6713_version
00000390   _DSK6713_wait
000003e8   _DSK6713_waitusec
00001600   __STACK_END
00000800   __STACK_SIZE
00000001   __TI_args_main
00000c20   ___TI_cpp_init
0000165c   ___TI_enable_exit_profile_output
ffffffff   ___TI_pprof_out_hndl
ffffffff   ___TI_prof_data_size
ffffffff   ___TI_prof_data_start
ffffffff   ___binit__
00000000   ___bss__
ffffffff   ___c_args__
00001600   ___cinit__
00000000   ___data__
00000000   ___edata__
00000000   ___end__
00000e00   ___etext__
ffffffff   ___pinit__
00000000   ___text__
00000da0   __args_main
000008a0   __auto_init
00001654   __cleanup_ptr
00001658   __dtors_ptr
00000e00   __stack
000009a0   __strasg
00000de0   _abort
00000ca0   _c_int00
00000b60   _copy_in
00000a80   _exit
00000d20   _main
00000480   _memcpy
ffffffff   binit
00001600   cinit
00000000   edata
00000000   end
00000e00   etext
ffffffff   pinit


GLOBAL SYMBOLS: SORTED BY Symbol Address 

address    name
--------   ----
00000000   $bss
00000000   .bss
00000000   .data
00000000   .text
00000000   ___bss__
00000000   ___data__
00000000   ___edata__
00000000   ___end__
00000000   ___text__
00000000   edata
00000000   end
00000001   __TI_args_main
0000004c   _DSK6713_init
00000368   _DSK6713_rget
0000037c   _DSK6713_rset
00000390   _DSK6713_wait
000003e8   _DSK6713_waitusec
00000414   _DSK6713_getVersion
00000480   _memcpy
000006c0   _DSK6713_LED_init
00000700   _DSK6713_LED_off
00000770   _DSK6713_LED_on
000007e0   _DSK6713_LED_toggle
00000800   __STACK_SIZE
000008a0   __auto_init
000009a0   __strasg
00000a80   _exit
00000b60   _copy_in
00000c20   ___TI_cpp_init
00000ca0   _c_int00
00000d20   _main
00000da0   __args_main
00000de0   C$$EXIT
00000de0   _abort
00000e00   ___etext__
00000e00   __stack
00000e00   etext
00001600   __STACK_END
00001600   ___cinit__
00001600   cinit
00001654   __cleanup_ptr
00001658   __dtors_ptr
0000165c   ___TI_enable_exit_profile_output
00001660   _DSK6713_version
ffffffff   ___TI_pprof_out_hndl
ffffffff   ___TI_prof_data_size
ffffffff   ___TI_prof_data_start
ffffffff   ___binit__
ffffffff   ___c_args__
ffffffff   ___pinit__
ffffffff   binit
ffffffff   pinit

[52 symbols]
